../Src/platform_port_stub.c:35:13:OnTxDone	8	static
../Src/platform_port_stub.c:41:13:OnTxTimeout	4	static
../Src/platform_port_stub.c:46:13:OnRxTimeout	4	static
../Src/platform_port_stub.c:51:13:OnRxError	4	static
../Src/platform_port_stub.c:56:13:OnRxDone	24	static
../Src/platform_port_stub.c:70:6:platform_radio_init	64	static
../Src/platform_port_stub.c:124:6:platform_radio_process	24	static
../Src/platform_port_stub.c:145:10:platform_millis	8	static
../Src/platform_port_stub.c:150:6:platform_radio_send	24	static
../Src/platform_port_stub.c:172:6:platform_led_set	16	static
../Src/platform_port_stub.c:195:10:platform_battery_mv	4	static
