Archive member included to satisfy reference by file (symbol)

C:/ST/STM32CubeIDE_2.0.0/STM32CubeIDE/plugins/com.st.stm32cube.ide.mcu.externaltools.gnu-tools-for-stm32.14.3.rel1.win32_1.0.100.202602081740/tools/bin/../lib/gcc/arm-none-eabi/14.3.1/../../../../arm-none-eabi/lib/thumb/v7e-m/nofp\libc_nano.a(libc_a-exit.o)
                              C:/ST/STM32CubeIDE_2.0.0/STM32CubeIDE/plugins/com.st.stm32cube.ide.mcu.externaltools.gnu-tools-for-stm32.14.3.rel1.win32_1.0.100.202602081740/tools/bin/../lib/gcc/arm-none-eabi/14.3.1/../../../../arm-none-eabi/lib/thumb/v7e-m/nofp/crt0.o (exit)
C:/ST/STM32CubeIDE_2.0.0/STM32CubeIDE/plugins/com.st.stm32cube.ide.mcu.externaltools.gnu-tools-for-stm32.14.3.rel1.win32_1.0.100.202602081740/tools/bin/../lib/gcc/arm-none-eabi/14.3.1/../../../../arm-none-eabi/lib/thumb/v7e-m/nofp\libc_nano.a(libc_a-findfp.o)
                              C:/ST/STM32CubeIDE_2.0.0/STM32CubeIDE/plugins/com.st.stm32cube.ide.mcu.externaltools.gnu-tools-for-stm32.14.3.rel1.win32_1.0.100.202602081740/tools/bin/../lib/gcc/arm-none-eabi/14.3.1/../../../../arm-none-eabi/lib/thumb/v7e-m/nofp\libc_nano.a(libc_a-exit.o) (__stdio_exit_handler)
C:/ST/STM32CubeIDE_2.0.0/STM32CubeIDE/plugins/com.st.stm32cube.ide.mcu.externaltools.gnu-tools-for-stm32.14.3.rel1.win32_1.0.100.202602081740/tools/bin/../lib/gcc/arm-none-eabi/14.3.1/../../../../arm-none-eabi/lib/thumb/v7e-m/nofp\libc_nano.a(libc_a-fwalk.o)
                              C:/ST/STM32CubeIDE_2.0.0/STM32CubeIDE/plugins/com.st.stm32cube.ide.mcu.externaltools.gnu-tools-for-stm32.14.3.rel1.win32_1.0.100.202602081740/tools/bin/../lib/gcc/arm-none-eabi/14.3.1/../../../../arm-none-eabi/lib/thumb/v7e-m/nofp\libc_nano.a(libc_a-findfp.o) (_fwalk_sglue)
C:/ST/STM32CubeIDE_2.0.0/STM32CubeIDE/plugins/com.st.stm32cube.ide.mcu.externaltools.gnu-tools-for-stm32.14.3.rel1.win32_1.0.100.202602081740/tools/bin/../lib/gcc/arm-none-eabi/14.3.1/../../../../arm-none-eabi/lib/thumb/v7e-m/nofp\libc_nano.a(libc_a-stdio.o)
                              C:/ST/STM32CubeIDE_2.0.0/STM32CubeIDE/plugins/com.st.stm32cube.ide.mcu.externaltools.gnu-tools-for-stm32.14.3.rel1.win32_1.0.100.202602081740/tools/bin/../lib/gcc/arm-none-eabi/14.3.1/../../../../arm-none-eabi/lib/thumb/v7e-m/nofp\libc_nano.a(libc_a-findfp.o) (__sread)
C:/ST/STM32CubeIDE_2.0.0/STM32CubeIDE/plugins/com.st.stm32cube.ide.mcu.externaltools.gnu-tools-for-stm32.14.3.rel1.win32_1.0.100.202602081740/tools/bin/../lib/gcc/arm-none-eabi/14.3.1/../../../../arm-none-eabi/lib/thumb/v7e-m/nofp\libc_nano.a(libc_a-memset.o)
                              C:/ST/STM32CubeIDE_2.0.0/STM32CubeIDE/plugins/com.st.stm32cube.ide.mcu.externaltools.gnu-tools-for-stm32.14.3.rel1.win32_1.0.100.202602081740/tools/bin/../lib/gcc/arm-none-eabi/14.3.1/../../../../arm-none-eabi/lib/thumb/v7e-m/nofp/crt0.o (memset)
C:/ST/STM32CubeIDE_2.0.0/STM32CubeIDE/plugins/com.st.stm32cube.ide.mcu.externaltools.gnu-tools-for-stm32.14.3.rel1.win32_1.0.100.202602081740/tools/bin/../lib/gcc/arm-none-eabi/14.3.1/../../../../arm-none-eabi/lib/thumb/v7e-m/nofp\libc_nano.a(libc_a-closer.o)
                              C:/ST/STM32CubeIDE_2.0.0/STM32CubeIDE/plugins/com.st.stm32cube.ide.mcu.externaltools.gnu-tools-for-stm32.14.3.rel1.win32_1.0.100.202602081740/tools/bin/../lib/gcc/arm-none-eabi/14.3.1/../../../../arm-none-eabi/lib/thumb/v7e-m/nofp\libc_nano.a(libc_a-stdio.o) (_close_r)
C:/ST/STM32CubeIDE_2.0.0/STM32CubeIDE/plugins/com.st.stm32cube.ide.mcu.externaltools.gnu-tools-for-stm32.14.3.rel1.win32_1.0.100.202602081740/tools/bin/../lib/gcc/arm-none-eabi/14.3.1/../../../../arm-none-eabi/lib/thumb/v7e-m/nofp\libc_nano.a(libc_a-reent.o)
                              C:/ST/STM32CubeIDE_2.0.0/STM32CubeIDE/plugins/com.st.stm32cube.ide.mcu.externaltools.gnu-tools-for-stm32.14.3.rel1.win32_1.0.100.202602081740/tools/bin/../lib/gcc/arm-none-eabi/14.3.1/../../../../arm-none-eabi/lib/thumb/v7e-m/nofp\libc_nano.a(libc_a-closer.o) (errno)
C:/ST/STM32CubeIDE_2.0.0/STM32CubeIDE/plugins/com.st.stm32cube.ide.mcu.externaltools.gnu-tools-for-stm32.14.3.rel1.win32_1.0.100.202602081740/tools/bin/../lib/gcc/arm-none-eabi/14.3.1/../../../../arm-none-eabi/lib/thumb/v7e-m/nofp\libc_nano.a(libc_a-impure.o)
                              C:/ST/STM32CubeIDE_2.0.0/STM32CubeIDE/plugins/com.st.stm32cube.ide.mcu.externaltools.gnu-tools-for-stm32.14.3.rel1.win32_1.0.100.202602081740/tools/bin/../lib/gcc/arm-none-eabi/14.3.1/../../../../arm-none-eabi/lib/thumb/v7e-m/nofp\libc_nano.a(libc_a-reent.o) (_impure_ptr)
C:/ST/STM32CubeIDE_2.0.0/STM32CubeIDE/plugins/com.st.stm32cube.ide.mcu.externaltools.gnu-tools-for-stm32.14.3.rel1.win32_1.0.100.202602081740/tools/bin/../lib/gcc/arm-none-eabi/14.3.1/../../../../arm-none-eabi/lib/thumb/v7e-m/nofp\libc_nano.a(libc_a-lseekr.o)
[...]
Memory Configuration

Name             Origin             Length             Attributes
RAM              0x20000000         0x00010000         xrw
RAM2             0x10000000         0x00008000         xrw
FLASH            0x08000000         0x00040000         xr
*default*        0x00000000         0xffffffff

Linker script and memory map

LOAD C:/ST/STM32CubeIDE_2.0.0/STM32CubeIDE/plugins/com.st.stm32cube.ide.mcu.externaltools.gnu-tools-for-stm32.14.3.rel1.win32_1.0.100.202602081740/tools/bin/../lib/gcc/arm-none-eabi/14.3.1/thumb/v7e-m/nofp/crti.o
LOAD C:/ST/STM32CubeIDE_2.0.0/STM32CubeIDE/plugins/com.st.stm32cube.ide.mcu.externaltools.gnu-tools-for-stm32.14.3.rel1.win32_1.0.100.202602081740/tools/bin/../lib/gcc/arm-none-eabi/14.3.1/thumb/v7e-m/nofp/crtbegin.o
LOAD C:/ST/STM32CubeIDE_2.0.0/STM32CubeIDE/plugins/com.st.stm32cube.ide.mcu.externaltools.gnu-tools-for-stm32.14.3.rel1.win32_1.0.100.202602081740/tools/bin/../lib/gcc/arm-none-eabi/14.3.1/../../../../arm-none-eabi/lib/thumb/v7e-m/nofp/crt0.o
LOAD ./Src/hal_core.o
LOAD ./Src/hal_cortex.o
LOAD ./Src/hal_gpio.o
LOAD ./Src/hal_pwr.o
LOAD ./Src/hal_pwr_ex.o
LOAD ./Src/hal_rcc.o
LOAD ./Src/hal_rcc_ex.o
LOAD ./Src/hal_subghz.o
LOAD ./Src/main.o
LOAD ./Src/platform_port_stub.o
LOAD ./Src/radio.o
LOAD ./Src/radio_board_if.o
LOAD ./Src/radio_driver.o
LOAD ./Src/radio_fw.o
LOAD ./Src/stm32wlxx_it.o
LOAD ./Src/subghz.o
LOAD ./Src/syscalls.o
LOAD ./Src/sysmem.o
LOAD ./Src/system_init.o
LOAD ./Src/timer.o
LOAD ./Src/wyresv2_node.o
LOAD ./Startup/startup_stm32wle5jcix.o
START GROUP
LOAD C:/ST/STM32CubeIDE_2.0.0/STM32CubeIDE/plugins/com.st.stm32cube.ide.mcu.externaltools.gnu-tools-for-stm32.14.3.rel1.win32_1.0.100.202602081740/tools/bin/../lib/gcc/arm-none-eabi/14.3.1/../../../../arm-none-eabi/lib/thumb/v7e-m/nofp\libc_nano.a
LOAD C:/ST/STM32CubeIDE_2.0.0/STM32CubeIDE/plugins/com.st.stm32cube.ide.mcu.externaltools.gnu-tools-for-stm32.14.3.rel1.win32_1.0.100.202602081740/tools/bin/../lib/gcc/arm-none-eabi/14.3.1/../../../../arm-none-eabi/lib/thumb/v7e-m/nofp\libm.a
END GROUP
START GROUP
LOAD C:/ST/STM32CubeIDE_2.0.0/STM32CubeIDE/plugins/com.st.stm32cube.ide.mcu.externaltools.gnu-tools-for-stm32.14.3.rel1.win32_1.0.100.202602081740/tools/bin/../lib/gcc/arm-none-eabi/14.3.1/thumb/v7e-m/nofp\libgcc.a
LOAD C:/ST/STM32CubeIDE_2.0.0/STM32CubeIDE/plugins/com.st.stm32cube.ide.mcu.externaltools.gnu-tools-for-stm32.14.3.rel1.win32_1.0.100.202602081740/tools/bin/../lib/gcc/arm-none-eabi/14.3.1/../../../../arm-none-eabi/lib/thumb/v7e-m/nofp\libc_nano.a
END GROUP
START GROUP
LOAD C:/ST/STM32CubeIDE_2.0.0/STM32CubeIDE/plugins/com.st.stm32cube.ide.mcu.externaltools.gnu-tools-for-stm32.14.3.rel1.win32_1.0.100.202602081740/tools/bin/../lib/gcc/arm-none-eabi/14.3.1/thumb/v7e-m/nofp\libgcc.a
LOAD C:/ST/STM32CubeIDE_2.0.0/STM32CubeIDE/plugins/com.st.stm32cube.ide.mcu.externaltools.gnu-tools-for-stm32.14.3.rel1.win32_1.0.100.202602081740/tools/bin/../lib/gcc/arm-none-eabi/14.3.1/../../../../arm-none-eabi/lib/thumb/v7e-m/nofp\libc_nano.a
LOAD C:/ST/STM32CubeIDE_2.0.0/STM32CubeIDE/plugins/com.st.stm32cube.ide.mcu.externaltools.gnu-tools-for-stm32.14.3.rel1.win32_1.0.100.202602081740/tools/bin/../lib/gcc/arm-none-eabi/14.3.1/../../../../arm-none-eabi/lib/thumb/v7e-m/nofp\libnosys.a
END GROUP
START GROUP
LOAD C:/ST/STM32CubeIDE_2.0.0/STM32CubeIDE/plugins/com.st.stm32cube.ide.mcu.externaltools.gnu-tools-for-stm32.14.3.rel1.win32_1.0.100.202602081740/tools/bin/../lib/gcc/arm-none-eabi/14.3.1/thumb/v7e-m/nofp\libgcc.a
LOAD C:/ST/STM32CubeIDE_2.0.0/STM32CubeIDE/plugins/com.st.stm32cube.ide.mcu.externaltools.gnu-tools-for-stm32.14.3.rel1.win32_1.0.100.202602081740/tools/bin/../lib/gcc/arm-none-eabi/14.3.1/../../../../arm-none-eabi/lib/thumb/v7e-m/nofp\libc_nano.a
LOAD C:/ST/STM32CubeIDE_2.0.0/STM32CubeIDE/plugins/com.st.stm32cube.ide.mcu.externaltools.gnu-tools-for-stm32.14.3.rel1.win32_1.0.100.202602081740/tools/bin/../lib/gcc/arm-none-eabi/14.3.1/../../../../arm-none-eabi/lib/thumb/v7e-m/nofp\libnosys.a
END GROUP
LOAD C:/ST/STM32CubeIDE_2.0.0/STM32CubeIDE/plugins/com.st.stm32cube.ide.mcu.externaltools.gnu-tools-for-stm32.14.3.rel1.win32_1.0.100.202602081740/tools/bin/../lib/gcc/arm-none-eabi/14.3.1/thumb/v7e-m/nofp/crtend.o
LOAD C:/ST/STM32CubeIDE_2.0.0/STM32CubeIDE/plugins/com.st.stm32cube.ide.mcu.externaltools.gnu-tools-for-stm32.14.3.rel1.win32_1.0.100.202602081740/tools/bin/../lib/gcc/arm-none-eabi/14.3.1/thumb/v7e-m/nofp/crtn.o
                0x20010000                        _estack = (ORIGIN (RAM) + LENGTH (RAM))
                0x00000200                        _Min_Heap_Size = 0x200
                0x00000400                        _Min_Stack_Size = 0x400

.isr_vector     0x08000000      0x138
                0x08000000                        . = ALIGN (0x4)
 *(.isr_vector)
 .isr_vector    0x08000000      0x138 ./Startup/startup_stm32wle5jcix.o
                0x08000000                g_pfnVectors
                0x08000138                        . = ALIGN (0x4)

.text           0x08000138     0x6738
                0x08000138                        . = ALIGN (0x4)
 *(.text)
 .text          0x08000138       0x40 C:/ST/STM32CubeIDE_2.0.0/STM32CubeIDE/plugins/com.st.stm32cube.ide.mcu.externaltools.gnu-tools-for-stm32.14.3.rel1.win32_1.0.100.202602081740/tools/bin/../lib/gcc/arm-none-eabi/14.3.1/thumb/v7e-m/nofp/crtbegin.o
 .text          0x08000178       0x30 C:/ST/STM32CubeIDE_2.0.0/STM32CubeIDE/plugins/com.st.stm32cube.ide.mcu.externaltools.gnu-tools-for-stm32.14.3.rel1.win32_1.0.100.202602081740/tools/bin/../lib/gcc/arm-none-eabi/14.3.1/thumb/v7e-m/nofp\libgcc.a(_aeabi_uldivmod.o)
                0x08000178                __aeabi_uldivmod
 .text          0x080001a8      0x2f8 C:/ST/STM32CubeIDE_2.0.0/STM32CubeIDE/plugins/com.st.stm32cube.ide.mcu.externaltools.gnu-tools-for-stm32.14.3.rel1.win32_1.0.100.202602081740/tools/bin/../lib/gcc/arm-none-eabi/14.3.1/thumb/v7e-m/nofp\libgcc.a(_udivmoddi4.o)
                0x080001a8                __udivmoddi4
 .text          0x080004a0        0x4 C:/ST/STM32CubeIDE_2.0.0/STM32CubeIDE/plugins/com.st.stm32cube.ide.mcu.externaltools.gnu-tools-for-stm32.14.3.rel1.win32_1.0.100.202602081740/tools/bin/../lib/gcc/arm-none-eabi/14.3.1/thumb/v7e-m/nofp\libgcc.a(_dvmd_tls.o)
                0x080004a0                __aeabi_idiv0
                0x080004a0                __aeabi_ldiv0
 *(.text*)
 .text.HAL_Init
                0x080004a4       0x40 ./Src/hal_core.o
                0x080004a4                HAL_Init
 .text.HAL_MspInit
                0x080004e4        0xc ./Src/hal_core.o
                0x080004e4                HAL_MspInit
 .text.HAL_InitTick
                0x080004f0       0x74 ./Src/hal_core.o
                0x080004f0                HAL_InitTick
 .text.HAL_IncTick
                0x08000564       0x24 ./Src/hal_core.o
                0x08000564                HAL_IncTick
 .text.HAL_GetTick
                0x08000588       0x14 ./Src/hal_core.o
                0x08000588                HAL_GetTick
 .text.HAL_Delay
                0x0800059c       0x48 ./Src/hal_core.o
                0x0800059c                HAL_Delay
 .text.__NVIC_SetPriorityGrouping
                0x080005e4       0x48 ./Src/hal_cortex.o
 .text.__NVIC_GetPriorityGrouping
                0x0800062c       0x1c ./Src/hal_cortex.o
 .text.__NVIC_EnableIRQ
                0x08000648       0x38 ./Src/hal_cortex.o
 .text.__NVIC_SetPriority
                0x08000680       0x54 ./Src/hal_cortex.o
 .text.NVIC_EncodePriority
                0x080006d4       0x64 ./Src/hal_cortex.o
 .text.SysTick_Config
                0x08000738       0x44 ./Src/hal_cortex.o
 .text.HAL_NVIC_SetPriorityGrouping
                0x0800077c       0x16 ./Src/hal_cortex.o
                0x0800077c                HAL_NVIC_SetPriorityGrouping
 .text.HAL_NVIC_SetPriority
                0x08000792       0x34 ./Src/hal_cortex.o
                0x08000792                HAL_NVIC_SetPriority
 .text.HAL_NVIC_EnableIRQ
                0x080007c6       0x1c ./Src/hal_cortex.o
                0x080007c6                HAL_NVIC_EnableIRQ
 .text.HAL_SYSTICK_Config
                0x080007e2       0x18 ./Src/hal_cortex.o
                0x080007e2                HAL_SYSTICK_Config
 .text.HAL_SYSTICK_IRQHandler
                0x080007fa        0xc ./Src/hal_cortex.o
                0x080007fa                HAL_SYSTICK_IRQHandler
 .text.HAL_SYSTICK_Callback
                0x08000806        0xc ./Src/hal_cortex.o
                0x08000806                HAL_SYSTICK_Callback
 *fill*         0x08000812        0x2 
 .text.HAL_GPIO_Init
                0x08000814      0x2c0 ./Src/hal_gpio.o
                0x08000814                HAL_GPIO_Init
 .text.HAL_GPIO_WritePin
                0x08000ad4       0x2e ./Src/hal_gpio.o
                0x08000ad4                HAL_GPIO_WritePin
 .text.HAL_GPIO_TogglePin
                0x08000b02       0x32 ./Src/hal_gpio.o
                0x08000b02                HAL_GPIO_TogglePin
 .text.HAL_PWR_EnableBkUpAccess
                0x08000b34       0x1c ./Src/hal_pwr.o
                0x08000b34                HAL_PWR_EnableBkUpAccess
 .text.HAL_PWREx_GetVoltageRange
                0x08000b50       0x18 ./Src/hal_pwr_ex.o
                0x08000b50                HAL_PWREx_GetVoltageRange
 .text.LL_PWR_IsEnabledBkUpAccess
                0x08000b68       0x24 ./Src/hal_rcc.o
 .text.LL_RCC_HSE_EnableTcxo
                0x08000b8c       0x1c ./Src/hal_rcc.o
 .text.LL_RCC_HSE_DisableTcxo
                0x08000ba8       0x1c ./Src/hal_rcc.o
 .text.LL_RCC_HSE_IsEnabledDiv2
                0x08000bc4       0x22 ./Src/hal_rcc.o
 .text.LL_RCC_HSE_Enable
                0x08000be6       0x1c ./Src/hal_rcc.o
 .text.LL_RCC_HSE_Disable
                0x08000c02       0x1c ./Src/hal_rcc.o
 .text.LL_RCC_HSE_IsReady
                0x08000c1e       0x22 ./Src/hal_rcc.o
 .text.LL_RCC_HSI_Enable
                0x08000c40       0x1c ./Src/hal_rcc.o
 .text.LL_RCC_HSI_Disable
                0x08000c5c       0x1c ./Src/hal_rcc.o
 .text.LL_RCC_HSI_IsReady
                0x08000c78       0x22 ./Src/hal_rcc.o
 .text.LL_RCC_HSI_SetCalibTrimming
                0x08000c9a       0x28 ./Src/hal_rcc.o
 .text.LL_RCC_LSE_IsReady
                0x08000cc2       0x22 ./Src/hal_rcc.o
 .text.LL_RCC_LSI_Enable
                0x08000ce4       0x20 ./Src/hal_rcc.o
 .text.LL_RCC_LSI_Disable
                0x08000d04       0x20 ./Src/hal_rcc.o
 .text.LL_RCC_LSI_IsReady
                0x08000d24       0x22 ./Src/hal_rcc.o
 .text.LL_RCC_MSI_Enable
                0x08000d46       0x1c ./Src/hal_rcc.o
 .text.LL_RCC_MSI_Disable
                0x08000d62       0x1c ./Src/hal_rcc.o
 .text.LL_RCC_MSI_IsReady
                0x08000d7e       0x20 ./Src/hal_rcc.o
 .text.LL_RCC_MSI_IsEnabledRangeSelect
                0x08000d9e       0x20 ./Src/hal_rcc.o
 .text.LL_RCC_MSI_GetRange
                0x08000dbe       0x16 ./Src/hal_rcc.o
 .text.LL_RCC_MSI_GetRangeAfterStandby
                0x08000dd4       0x18 ./Src/hal_rcc.o
 .text.LL_RCC_MSI_SetCalibTrimming
                0x08000dec       0x28 ./Src/hal_rcc.o
 .text.LL_RCC_SetSysClkSource
                0x08000e14       0x26 ./Src/hal_rcc.o
 .text.LL_RCC_GetSysClkSource
                0x08000e3a       0x16 ./Src/hal_rcc.o
 .text.LL_RCC_SetAHBPrescaler
                0x08000e50       0x26 ./Src/hal_rcc.o
 .text.LL_RCC_SetAHB3Prescaler
                0x08000e76       0x2c ./Src/hal_rcc.o
 .text.LL_RCC_SetAPB1Prescaler
                0x08000ea2       0x26 ./Src/hal_rcc.o
 .text.LL_RCC_SetAPB2Prescaler
                0x08000ec8       0x26 ./Src/hal_rcc.o
 .text.LL_RCC_GetAHBPrescaler
                0x08000eee       0x16 ./Src/hal_rcc.o
 .text.LL_RCC_GetAHB3Prescaler
                0x08000f04       0x1a ./Src/hal_rcc.o
 .text.LL_RCC_PLL_Enable
                0x08000f1e       0x1c ./Src/hal_rcc.o
 .text.LL_RCC_PLL_Disable
                0x08000f3a       0x1c ./Src/hal_rcc.o
 .text.LL_RCC_PLL_IsReady
                0x08000f56       0x22 ./Src/hal_rcc.o
 .text.LL_RCC_PLL_GetN
                0x08000f78       0x18 ./Src/hal_rcc.o
 .text.LL_RCC_PLL_GetR
                0x08000f90       0x16 ./Src/hal_rcc.o
 .text.LL_RCC_PLL_GetDivider
                0x08000fa6       0x16 ./Src/hal_rcc.o
 .text.LL_RCC_PLL_GetMainSource
                0x08000fbc       0x16 ./Src/hal_rcc.o
 .text.LL_RCC_IsActiveFlag_HPRE
                0x08000fd2       0x22 ./Src/hal_rcc.o
 .text.LL_RCC_IsActiveFlag_SHDHPRE
                0x08000ff4       0x24 ./Src/hal_rcc.o
 .text.LL_RCC_IsActiveFlag_PPRE1
                0x08001018       0x22 ./Src/hal_rcc.o
 .text.LL_RCC_IsActiveFlag_PPRE2
                0x0800103a       0x22 ./Src/hal_rcc.o
 .text.HAL_RCC_OscConfig
                0x0800105c      0x704 ./Src/hal_rcc.o
                0x0800105c                HAL_RCC_OscConfig
 .text.HAL_RCC_ClockConfig
                0x08001760      0x248 ./Src/hal_rcc.o
                0x08001760                HAL_RCC_ClockConfig
 .text.HAL_RCC_GetSysClockFreq
                0x080019a8      0x140 ./Src/hal_rcc.o
                0x080019a8                HAL_RCC_GetSysClockFreq
 .text.HAL_RCC_GetHCLKFreq
                0x08001ae8       0x28 ./Src/hal_rcc.o
                0x08001ae8                HAL_RCC_GetHCLKFreq
 .text.RCC_SetFlashLatencyFromMSIRange
                0x08001b10       0x60 ./Src/hal_rcc.o
 .text.RCC_SetFlashLatency
                0x08001b70      0x104 ./Src/hal_rcc.o
 .text.LL_PWR_SetRadioBusyTrigger
                0x08001c74       0x28 ./Src/hal_subghz.o
 .text.LL_PWR_UnselectSUBGHZSPI_NSS
                0x08001c9c       0x20 ./Src/hal_subghz.o
 .text.LL_PWR_SelectSUBGHZSPI_NSS
                0x08001cbc       0x20 ./Src/hal_subghz.o
 .text.LL_PWR_ClearFlag_RFBUSY
                0x08001cdc       0x18 ./Src/hal_subghz.o
 .text.LL_PWR_IsActiveFlag_RFBUSYS
                0x08001cf4       0x24 ./Src/hal_subghz.o
 .text.LL_PWR_IsActiveFlag_RFBUSYMS
                0x08001d18       0x24 ./Src/hal_subghz.o
 .text.LL_RCC_RF_DisableReset
                0x08001d3c       0x20 ./Src/hal_subghz.o
 .text.LL_RCC_IsRFUnderReset
                0x08001d5c       0x24 ./Src/hal_subghz.o
 .text.LL_EXTI_EnableIT_32_63
                0x08001d80       0x28 ./Src/hal_subghz.o
 .text.HAL_SUBGHZ_Init
                0x08001da8       0xc8 ./Src/hal_subghz.o
                0x08001da8                HAL_SUBGHZ_Init
 .text.HAL_SUBGHZ_WriteRegisters
                0x08001e70       0xbe ./Src/hal_subghz.o
                0x08001e70                HAL_SUBGHZ_WriteRegisters
 .text.HAL_SUBGHZ_ReadRegisters
                0x08001f2e       0xc2 ./Src/hal_subghz.o
                0x08001f2e                HAL_SUBGHZ_ReadRegisters
 .text.HAL_SUBGHZ_ExecSetCmd
                0x08001ff0       0xbe ./Src/hal_subghz.o
                0x08001ff0                HAL_SUBGHZ_ExecSetCmd
 .text.HAL_SUBGHZ_ExecGetCmd
                0x080020ae       0xa8 ./Src/hal_subghz.o
                0x080020ae                HAL_SUBGHZ_ExecGetCmd
 .text.HAL_SUBGHZ_WriteBuffer
                0x08002156       0xa6 ./Src/hal_subghz.o
                0x08002156                HAL_SUBGHZ_WriteBuffer
 .text.HAL_SUBGHZ_ReadBuffer
                0x080021fc       0xb0 ./Src/hal_subghz.o
                0x080021fc                HAL_SUBGHZ_ReadBuffer
 .text.SUBGHZSPI_Init
                0x080022ac       0x40 ./Src/hal_subghz.o
                0x080022ac                SUBGHZSPI_Init
 .text.SUBGHZSPI_Transmit
                0x080022ec       0xac ./Src/hal_subghz.o
                0x080022ec                SUBGHZSPI_Transmit
 .text.SUBGHZSPI_Receive
                0x08002398       0xb0 ./Src/hal_subghz.o
                0x08002398                SUBGHZSPI_Receive
 .text.SUBGHZ_CheckDeviceReady
                0x08002448       0x40 ./Src/hal_subghz.o
                0x08002448                SUBGHZ_CheckDeviceReady
 .text.SUBGHZ_WaitOnBusy
                0x08002488       0x5c ./Src/hal_subghz.o
                0x08002488                SUBGHZ_WaitOnBusy
 .text.LL_AHB2_GRP1_EnableClock
                0x080024e4       0x30 ./Src/main.o
 .text.main     0x08002514       0xa8 ./Src/main.o
                0x08002514                main
 .text.OnRadioRx
                0x080025bc       0xcc ./Src/main.o
 .text.SystemClock_Config
                0x08002688       0x7a ./Src/main.o
 *fill*         0x08002702        0x2 
 .text.MX_GPIO_Init
                0x08002704       0x4c ./Src/main.o
 .text.Error_Handler
                0x08002750        0xc ./Src/main.o
                0x08002750                Error_Handler
 .text.OnTxDone
                0x0800275c       0x20 ./Src/platform_port_stub.o
 .text.OnTxTimeout
                0x0800277c       0x18 ./Src/platform_port_stub.o
 .text.OnRxTimeout
                0x08002794       0x18 ./Src/platform_port_stub.o
 .text.OnRxError
                0x080027ac       0x18 ./Src/platform_port_stub.o
 .text.OnRxDone
                0x080027c4       0x70 ./Src/platform_port_stub.o
 .text.platform_radio_init
                0x08002834      0x100 ./Src/platform_port_stub.o
                0x08002834                platform_radio_init
 .text.platform_radio_process
                0x08002934       0xb0 ./Src/platform_port_stub.o
                0x08002934                platform_radio_process
 .text.platform_millis
                0x080029e4        0xe ./Src/platform_port_stub.o
                0x080029e4                platform_millis
 *fill*         0x080029f2        0x2 
 .text.platform_radio_send
                0x080029f4       0x68 ./Src/platform_port_stub.o
                0x080029f4                platform_radio_send
 .text.platform_led_set
                0x08002a5c       0x70 ./Src/platform_port_stub.o
                0x08002a5c                platform_led_set
 .text.RadioInit
                0x08002acc       0xa4 ./Src/radio.o
 .text.RadioGetStatus
                0x08002b70       0x2e ./Src/radio.o
 *fill*         0x08002b9e        0x2 
 .text.RadioSetModem
                0x08002ba0       0xb8 ./Src/radio.o
 .text.RadioSetChannel
                0x08002c58       0x16 ./Src/radio.o
 .text.RadioIsChannelFree
                0x08002c6e       0xb4 ./Src/radio.o
 .text.RadioRandom
                0x08002d22       0x26 ./Src/radio.o
 .text.RadioSetRxConfig
                0x08002d48      0x418 ./Src/radio.o
 .text.RadioSetTxConfig
                0x08003160      0x224 ./Src/radio.o
 .text.RadioCheckRfFrequency
                0x08003384       0x14 ./Src/radio.o
 .text.RadioGetLoRaBandwidthInHz
                0x08003398       0xac ./Src/radio.o
 .text.RadioGetGfskTimeOnAirNumerator
                0x08003444       0x54 ./Src/radio.o
 .text.RadioGetLoRaTimeOnAirNumerator
                0x08003498      0x102 ./Src/radio.o
 *fill*         0x0800359a        0x2 
 .text.RadioTimeOnAir
                0x0800359c       0xb0 ./Src/radio.o
 .text.RadioSend
                0x0800364c      0x1f0 ./Src/radio.o
 .text.RadioSleep
                0x0800383c       0x26 ./Src/radio.o
 .text.RadioStandby
                0x08003862        0xe ./Src/radio.o
 .text.RadioRx  0x08003870       0x80 ./Src/radio.o
 .text.RadioRxBoosted
                0x080038f0       0x80 ./Src/radio.o
 .text.RadioSetRxDutyCycle
                0x08003970       0x48 ./Src/radio.o
 .text.RadioStartCad
                0x080039b8       0x30 ./Src/radio.o
 .text.RadioSetTxContinuousWave
                0x080039e8       0x64 ./Src/radio.o
 .text.RadioRssi
                0x08003a4c       0x18 ./Src/radio.o
 .text.RadioWrite
                0x08003a64       0x24 ./Src/radio.o
 .text.RadioRead
                0x08003a88       0x1c ./Src/radio.o
 .text.RadioWriteRegisters
                0x08003aa4       0x26 ./Src/radio.o
 .text.RadioReadRegisters
                0x08003aca       0x26 ./Src/radio.o
 .text.RadioSetMaxPayloadLength
                0x08003af0       0x5c ./Src/radio.o
 .text.RadioSetPublicNetwork
                0x08003b4c       0x5c ./Src/radio.o
 .text.RadioGetWakeupTime
                0x08003ba8       0x10 ./Src/radio.o
 .text.RadioOnTxTimeoutIrq
                0x08003bb8       0x14 ./Src/radio.o
 .text.RadioOnRxTimeoutIrq
                0x08003bcc       0x14 ./Src/radio.o
 .text.RadioOnTxTimeoutProcess
                0x08003be0       0x28 ./Src/radio.o
 .text.RadioOnRxTimeoutProcess
                0x08003c08       0x28 ./Src/radio.o
 .text.RadioOnDioIrq
                0x08003c30       0x24 ./Src/radio.o
 .text.RadioIrqProcess
                0x08003c54      0x3e8 ./Src/radio.o
 .text.RadioTxPrbs
                0x0800403c       0x38 ./Src/radio.o
 .text.RadioTxCw
                0x08004074       0x38 ./Src/radio.o
 .text.payload_integration
                0x080040ac      0x124 ./Src/radio.o
 .text.RadioSetRxGenericConfig
                0x080041d0      0x38c ./Src/radio.o
 .text.RadioSetTxGenericConfig
                0x0800455c      0x470 ./Src/radio.o
 .text.RadioLrFhssSetCfg
                0x080049cc       0x18 ./Src/radio.o
 .text.RadioLrFhssGetTimeOnAirInMs
                0x080049e4       0x16 ./Src/radio.o
 .text.LL_AHB2_GRP1_EnableClock
                0x080049fa       0x30 ./Src/radio_board_if.o
 .text.RBI_SetRfSwitch
                0x08004a2a       0x48 ./Src/radio_board_if.o
 *fill*         0x08004a72        0x2 
 .text.RBI_Init
                0x08004a74       0x6c ./Src/radio_board_if.o
                0x08004a74                RBI_Init
 .text.RBI_ConfigRFSwitch
                0x08004ae0       0x44 ./Src/radio_board_if.o
                0x08004ae0                RBI_ConfigRFSwitch
 .text.RBI_GetTxConfig
                0x08004b24        0xe ./Src/radio_board_if.o
                0x08004b24                RBI_GetTxConfig
 .text.RBI_IsTCXO
                0x08004b32        0xe ./Src/radio_board_if.o
                0x08004b32                RBI_IsTCXO
 .text.RBI_IsDCDC
                0x08004b40        0xe ./Src/radio_board_if.o
                0x08004b40                RBI_IsDCDC
 .text.RBI_GetRFOMaxPowerConfig
                0x08004b4e       0x20 ./Src/radio_board_if.o
                0x08004b4e                RBI_GetRFOMaxPowerConfig
 *fill*         0x08004b6e        0x2 
 .text.SUBGRF_Init
                0x08004b70       0x90 ./Src/radio_driver.o
                0x08004b70                SUBGRF_Init
 .text.SUBGRF_GetOperatingMode
                0x08004c00       0x14 ./Src/radio_driver.o
                0x08004c00                SUBGRF_GetOperatingMode
 .text.SUBGRF_SetPayload
                0x08004c14       0x20 ./Src/radio_driver.o
                0x08004c14                SUBGRF_SetPayload
 .text.SUBGRF_GetPayload
                0x08004c34       0x44 ./Src/radio_driver.o
                0x08004c34                SUBGRF_GetPayload
 .text.SUBGRF_SendPayload
                0x08004c78       0x26 ./Src/radio_driver.o
                0x08004c78                SUBGRF_SendPayload
 .text.SUBGRF_SetSyncWord
                0x08004c9e       0x1e ./Src/radio_driver.o
                0x08004c9e                SUBGRF_SetSyncWord
 .text.SUBGRF_SetCrcSeed
                0x08004cbc       0x40 ./Src/radio_driver.o
                0x08004cbc                SUBGRF_SetCrcSeed
 .text.SUBGRF_SetCrcPolynomial
                0x08004cfc       0x40 ./Src/radio_driver.o
                0x08004cfc                SUBGRF_SetCrcPolynomial
 .text.SUBGRF_SetWhiteningSeed
                0x08004d3c       0x66 ./Src/radio_driver.o
                0x08004d3c                SUBGRF_SetWhiteningSeed
 .text.SUBGRF_GetRandom
                0x08004da2       0x8c ./Src/radio_driver.o
                0x08004da2                SUBGRF_GetRandom
 *fill*         0x08004e2e        0x2 
 .text.SUBGRF_SetSleep
                0x08004e30       0x68 ./Src/radio_driver.o
                0x08004e30                SUBGRF_SetSleep
 .text.SUBGRF_SetStandby
                0x08004e98       0x38 ./Src/radio_driver.o
                0x08004e98                SUBGRF_SetStandby
 .text.SUBGRF_SetTx
                0x08004ed0       0x40 ./Src/radio_driver.o
                0x08004ed0                SUBGRF_SetTx
 .text.SUBGRF_SetRx
                0x08004f10       0x40 ./Src/radio_driver.o
                0x08004f10                SUBGRF_SetRx
 .text.SUBGRF_SetRxBoosted
                0x08004f50       0x48 ./Src/radio_driver.o
                0x08004f50                SUBGRF_SetRxBoosted
 .text.SUBGRF_SetRxDutyCycle
                0x08004f98       0x58 ./Src/radio_driver.o
                0x08004f98                SUBGRF_SetRxDutyCycle
 .text.SUBGRF_SetCad
                0x08004ff0       0x1c ./Src/radio_driver.o
                0x08004ff0                SUBGRF_SetCad
 .text.SUBGRF_SetTxContinuousWave
                0x0800500c       0x12 ./Src/radio_driver.o
                0x0800500c                SUBGRF_SetTxContinuousWave
 .text.SUBGRF_SetTxInfinitePreamble
                0x0800501e       0x12 ./Src/radio_driver.o
                0x0800501e                SUBGRF_SetTxInfinitePreamble
 .text.SUBGRF_SetStopRxTimerOnPreambleDetect
                0x08005030       0x1e ./Src/radio_driver.o
                0x08005030                SUBGRF_SetStopRxTimerOnPreambleDetect
 .text.SUBGRF_SetLoRaSymbNumTimeout
                0x0800504e       0x5e ./Src/radio_driver.o
                0x0800504e                SUBGRF_SetLoRaSymbNumTimeout
 .text.SUBGRF_SetRegulatorMode
                0x080050ac       0x2e ./Src/radio_driver.o
                0x080050ac                SUBGRF_SetRegulatorMode
 .text.SUBGRF_Calibrate
                0x080050da       0x98 ./Src/radio_driver.o
                0x080050da                SUBGRF_Calibrate
 *fill*         0x08005172        0x2 
 .text.SUBGRF_CalibrateImage
                0x08005174       0x94 ./Src/radio_driver.o
                0x08005174                SUBGRF_CalibrateImage
 .text.SUBGRF_SetPaConfig
                0x08005208       0x44 ./Src/radio_driver.o
                0x08005208                SUBGRF_SetPaConfig
 .text.SUBGRF_SetDioIrqParams
                0x0800524c       0x74 ./Src/radio_driver.o
                0x0800524c                SUBGRF_SetDioIrqParams
 .text.SUBGRF_SetTcxoMode
                0x080052c0       0x42 ./Src/radio_driver.o
                0x080052c0                SUBGRF_SetTcxoMode
 *fill*         0x08005302        0x2 
 .text.SUBGRF_SetRfFrequency
                0x08005304       0x8c ./Src/radio_driver.o
                0x08005304                SUBGRF_SetRfFrequency
 .text.SUBGRF_SetPacketType
                0x08005390       0x38 ./Src/radio_driver.o
                0x08005390                SUBGRF_SetPacketType
 .text.SUBGRF_GetPacketType
                0x080053c8       0x14 ./Src/radio_driver.o
                0x080053c8                SUBGRF_GetPacketType
 .text.SUBGRF_SetTxParams
                0x080053dc      0x19a ./Src/radio_driver.o
                0x080053dc                SUBGRF_SetTxParams
 *fill*         0x08005576        0x2 
 .text.SUBGRF_SetModulationParams
                0x08005578      0x19c ./Src/radio_driver.o
                0x08005578                SUBGRF_SetModulationParams
 .text.SUBGRF_SetPacketParams
                0x08005714      0x138 ./Src/radio_driver.o
                0x08005714                SUBGRF_SetPacketParams
 .text.SUBGRF_SetBufferBaseAddress
                0x0800584c       0x2e ./Src/radio_driver.o
                0x0800584c                SUBGRF_SetBufferBaseAddress
 .text.SUBGRF_GetRssiInst
                0x0800587a       0x2a ./Src/radio_driver.o
                0x0800587a                SUBGRF_GetRssiInst
 .text.SUBGRF_GetRxBufferStatus
                0x080058a4       0x58 ./Src/radio_driver.o
                0x080058a4                SUBGRF_GetRxBufferStatus
 .text.SUBGRF_GetPacketStatus
                0x080058fc       0xa4 ./Src/radio_driver.o
                0x080058fc                SUBGRF_GetPacketStatus
 .text.SUBGRF_WriteRegister
                0x080059a0       0x30 ./Src/radio_driver.o
                0x080059a0                SUBGRF_WriteRegister
 .text.SUBGRF_ReadRegister
                0x080059d0       0x30 ./Src/radio_driver.o
                0x080059d0                SUBGRF_ReadRegister
 .text.SUBGRF_WriteRegisters
                0x08005a00       0x30 ./Src/radio_driver.o
                0x08005a00                SUBGRF_WriteRegisters
 .text.SUBGRF_ReadRegisters
                0x08005a30       0x30 ./Src/radio_driver.o
                0x08005a30                SUBGRF_ReadRegisters
 .text.SUBGRF_WriteBuffer
                0x08005a60       0x34 ./Src/radio_driver.o
                0x08005a60                SUBGRF_WriteBuffer
 .text.SUBGRF_ReadBuffer
                0x08005a94       0x34 ./Src/radio_driver.o
                0x08005a94                SUBGRF_ReadBuffer
 .text.SUBGRF_WriteCommand
                0x08005ac8       0x30 ./Src/radio_driver.o
                0x08005ac8                SUBGRF_WriteCommand
 .text.SUBGRF_ReadCommand
                0x08005af8       0x30 ./Src/radio_driver.o
                0x08005af8                SUBGRF_ReadCommand
 .text.SUBGRF_SetSwitch
                0x08005b28       0x50 ./Src/radio_driver.o
                0x08005b28                SUBGRF_SetSwitch
 .text.SUBGRF_SetRfTxPower
                0x08005b78       0x68 ./Src/radio_driver.o
                0x08005b78                SUBGRF_SetRfTxPower
 .text.SUBGRF_GetRadioWakeUpTime
                0x08005be0        0xe ./Src/radio_driver.o
                0x08005be0                SUBGRF_GetRadioWakeUpTime
 .text.Radio_SMPS_Set
                0x08005bee       0x42 ./Src/radio_driver.o
 .text.SUBGRF_GetFskBandwidthRegValue
                0x08005c30       0x50 ./Src/radio_driver.o
                0x08005c30                SUBGRF_GetFskBandwidthRegValue
 .text.SUBGRF_GetCFO
                0x08005c80       0xe8 ./Src/radio_driver.o
                0x08005c80                SUBGRF_GetCFO
 .text.RFW_TransmitLongPacket
                0x08005d68       0x24 ./Src/radio_fw.o
                0x08005d68                RFW_TransmitLongPacket
 .text.RFW_ReceiveLongPacket
                0x08005d8c       0x24 ./Src/radio_fw.o
                0x08005d8c                RFW_ReceiveLongPacket
 .text.RFW_Init
                0x08005db0       0x1a ./Src/radio_fw.o
                0x08005db0                RFW_Init
 .text.RFW_DeInit
                0x08005dca        0xc ./Src/radio_fw.o
                0x08005dca                RFW_DeInit
 .text.RFW_Is_Init
                0x08005dd6        0xe ./Src/radio_fw.o
                0x08005dd6                RFW_Is_Init
 .text.RFW_Is_LongPacketModeEnabled
                0x08005de4        0xe ./Src/radio_fw.o
                0x08005de4                RFW_Is_LongPacketModeEnabled
 .text.RFW_SetAntSwitch
                0x08005df2       0x14 ./Src/radio_fw.o
                0x08005df2                RFW_SetAntSwitch
 .text.RFW_TransmitInit
                0x08005e06       0x20 ./Src/radio_fw.o
                0x08005e06                RFW_TransmitInit
 .text.RFW_ReceiveInit
                0x08005e26       0x10 ./Src/radio_fw.o
                0x08005e26                RFW_ReceiveInit
 .text.RFW_DeInit_TxLongPacket
                0x08005e36        0xc ./Src/radio_fw.o
                0x08005e36                RFW_DeInit_TxLongPacket
 .text.RFW_ReceivePayload
                0x08005e42        0xc ./Src/radio_fw.o
                0x08005e42                RFW_ReceivePayload
 .text.RFW_SetRadioModem
                0x08005e4e       0x14 ./Src/radio_fw.o
                0x08005e4e                RFW_SetRadioModem
 .text.SysTick_Handler
                0x08005e62       0x10 ./Src/stm32wlxx_it.o
                0x08005e62                SysTick_Handler
 .text.LL_APB3_GRP1_EnableClock
                0x08005e72       0x30 ./Src/subghz.o
 *fill*         0x08005ea2        0x2 
 .text.MX_SUBGHZ_Init
                0x08005ea4       0x24 ./Src/subghz.o
                0x08005ea4                MX_SUBGHZ_Init
 .text.HAL_SUBGHZ_MspInit
                0x08005ec8       0x2e ./Src/subghz.o
                0x08005ec8                HAL_SUBGHZ_MspInit
 .text.SystemInit
                0x08005ef6        0xc ./Src/system_init.o
                0x08005ef6                SystemInit
 *fill*         0x08005f02        0x2 
 .text.TimerRemove
                0x08005f04       0x5c ./Src/timer.o
 .text.TimerInit
                0x08005f60       0x40 ./Src/timer.o
                0x08005f60                TimerInit
 .text.TimerSetValue
                0x08005fa0       0x22 ./Src/timer.o
                0x08005fa0                TimerSetValue
 *fill*         0x08005fc2        0x2 
 .text.TimerStart
                0x08005fc4       0x44 ./Src/timer.o
                0x08005fc4                TimerStart
 .text.TimerStop
                0x08006008       0x24 ./Src/timer.o
                0x08006008                TimerStop
 .text.TimerGetCurrentTime
                0x0800602c        0xe ./Src/timer.o
                0x0800602c                TimerGetCurrentTime
 .text.TimerGetElapsedTime
                0x0800603a       0x1a ./Src/timer.o
                0x0800603a                TimerGetElapsedTime
 .text.TimerProcess
                0x08006054       0x6c ./Src/timer.o
                0x08006054                TimerProcess
 .text.opposite_dir
                0x080060c0       0x20 ./Src/wyresv2_node.o
 .text.send_frame
                0x080060e0       0x28 ./Src/wyresv2_node.o
 .text.set_led_for_state
                0x08006108       0x42 ./Src/wyresv2_node.o
 *fill*         0x0800614a        0x2 
 .text.queue_pending
                0x0800614c       0xc8 ./Src/wyresv2_node.o
 .text.ack_pending
                0x08006214       0x64 ./Src/wyresv2_node.o
 .text.send_ack
                0x08006278       0x5a ./Src/wyresv2_node.o
 .text.forward_with_ack
                0x080062d2       0x7e ./Src/wyresv2_node.o
 .text.discover_and_join
                0x08006350       0x64 ./Src/wyresv2_node.o
 .text.wyresv2_init
                0x080063b4       0x5c ./Src/wyresv2_node.o
                0x080063b4                wyresv2_init
 .text.wyresv2_power_on
                0x08006410       0x3c ./Src/wyresv2_node.o
                0x08006410                wyresv2_power_on
 .text.wyresv2_tick
                0x0800644c      0x184 ./Src/wyresv2_node.o
                0x0800644c                wyresv2_tick
 .text.wyresv2_on_frame
                0x080065d0      0x116 ./Src/wyresv2_node.o
                0x080065d0                wyresv2_on_frame
 .text.wyresv2_send_text
                0x080066e6       0xaa ./Src/wyresv2_node.o
                0x080066e6                wyresv2_send_text
 .text.Reset_Handler
                0x08006790       0x50 ./Startup/startup_stm32wle5jcix.o
                0x08006790                Reset_Handler
 .text.Default_Handler
                0x080067e0        0x2 ./Startup/startup_stm32wle5jcix.o
                0x080067e0                EXTI2_IRQHandler
                0x080067e0                DebugMon_Handler
                0x080067e0                DMA1_CH4_IRQHandler
                0x080067e0                TIM1_CC_IRQHandler
                0x080067e0                HardFault_Handler
                0x080067e0                PendSV_Handler
                0x080067e0                NMI_Handler
                0x080067e0                EXTI3_IRQHandler
                0x080067e0                True_RNG_IRQHandler
                0x080067e0                LPTIM2_IRQHandler
                0x080067e0                PVD_PVM_3_IRQHandler
                0x080067e0                I2C3_ER_IRQHandler
                0x080067e0                LPTIM3_IRQHandler
                0x080067e0                EXTI0_IRQHandler
                0x080067e0                I2C2_EV_IRQHandler
                0x080067e0                DMA2_CH1_IRQHandler
                0x080067e0                DMA2_CH7_IRQHandler
                0x080067e0                UsageFault_Handler
                0x080067e0                SPI1_IRQHandler
                0x080067e0                DMA1_CH7_IRQHandler
                0x080067e0                RTC_ALARM_IRQHandler
                0x080067e0                PKA_IRQHandler
                0x080067e0                DMA1_CH6_IRQHandler
                0x080067e0                TIM17_IRQHandler
                0x080067e0                I2C1_EV_IRQHandler
                0x080067e0                DMA2_CH5_IRQHandler
                0x080067e0                DMAMUX1_OVR_IRQHandler
                0x080067e0                TIM16_IRQHandler
                0x080067e0                DMA1_CH3_IRQHandler
                0x080067e0                RCC_IRQHandler
                0x080067e0                TIM1_TRG_COM_IRQHandler
                0x080067e0                Default_Handler
                0x080067e0                EXTI15_10_IRQHandler
                0x080067e0                ADC_IRQHandler
                0x080067e0                I2C3_EV_IRQHandler
                0x080067e0                EXTI9_5_IRQHandler
                0x080067e0                DMA1_CH2_IRQHandler
                0x080067e0                RTC_WKUP_IRQHandler
                0x080067e0                DMA1_CH1_IRQHandler
                0x080067e0                MemManage_Handler
                0x080067e0                SVC_Handler
                0x080067e0                EXTI4_IRQHandler
                0x080067e0                COMP_IRQHandler
                0x080067e0                HSEM_IRQHandler
                0x080067e0                SPI2S2_IRQHandler
                0x080067e0                TIM1_UP_IRQHandler
                0x080067e0                WWDG_IRQHandler
                0x080067e0                LPUART1_IRQHandler
                0x080067e0                TIM2_IRQHandler
                0x080067e0                TIM1_BRK_IRQHandler
                0x080067e0                DAC_IRQHandler
                0x080067e0                EXTI1_IRQHandler
                0x080067e0                TAMP_RTCSTAMP_LSECSS_RTCSSRU_IRQHandler
                0x080067e0                AES_IRQHandler
                0x080067e0                USART2_IRQHandler
                0x080067e0                I2C2_ER_IRQHandler
                0x080067e0                Radio_IRQ_Busy_IRQHandler
                0x080067e0                FLASH_IRQHandler
                0x080067e0                BusFault_Handler
                0x080067e0                USART1_IRQHandler
                0x080067e0                DMA2_CH6_IRQHandler
                0x080067e0                DMA2_CH3_IRQHandler
                0x080067e0                DMA2_CH2_IRQHandler
                0x080067e0                I2C1_ER_IRQHandler
                0x080067e0                DMA1_CH5_IRQHandler
                0x080067e0                DMA2_CH4_IRQHandler
                0x080067e0                LPTIM1_IRQHandler
 .text.memset   0x080067e2       0x10 C:/ST/STM32CubeIDE_2.0.0/STM32CubeIDE/plugins/com.st.stm32cube.ide.mcu.externaltools.gnu-tools-for-stm32.14.3.rel1.win32_1.0.100.202602081740/tools/bin/../lib/gcc/arm-none-eabi/14.3.1/../../../../arm-none-eabi/lib/thumb/v7e-m/nofp\libc_nano.a(libc_a-memset.o)
                0x080067e2                memset
 *fill*         0x080067f2        0x2 
 .text.__libc_init_array
                0x080067f4       0x48 C:/ST/STM32CubeIDE_2.0.0/STM32CubeIDE/plugins/com.st.stm32cube.ide.mcu.externaltools.gnu-tools-for-stm32.14.3.rel1.win32_1.0.100.202602081740/tools/bin/../lib/gcc/arm-none-eabi/14.3.1/../../../../arm-none-eabi/lib/thumb/v7e-m/nofp\libc_nano.a(libc_a-init.o)
                0x080067f4                __libc_init_array
 .text.memcpy   0x0800683c       0x1c C:/ST/STM32CubeIDE_2.0.0/STM32CubeIDE/plugins/com.st.stm32cube.ide.mcu.externaltools.gnu-tools-for-stm32.14.3.rel1.win32_1.0.100.202602081740/tools/bin/../lib/gcc/arm-none-eabi/14.3.1/../../../../arm-none-eabi/lib/thumb/v7e-m/nofp\libc_nano.a(libc_a-memcpy-stub.o)
                0x0800683c                memcpy
 *(.glue_7)
 .glue_7        0x08006858        0x0 linker stubs
 *(.glue_7t)
 .glue_7t       0x08006858        0x0 linker stubs
 *(.eh_frame)
 .eh_frame      0x08006858        0x0 C:/ST/STM32CubeIDE_2.0.0/STM32CubeIDE/plugins/com.st.stm32cube.ide.mcu.externaltools.gnu-tools-for-stm32.14.3.rel1.win32_1.0.100.202602081740/tools/bin/../lib/gcc/arm-none-eabi/14.3.1/thumb/v7e-m/nofp/crtbegin.o
 *(.init)
 .init          0x08006858        0x4 C:/ST/STM32CubeIDE_2.0.0/STM32CubeIDE/plugins/com.st.stm32cube.ide.mcu.externaltools.gnu-tools-for-stm32.14.3.rel1.win32_1.0.100.202602081740/tools/bin/../lib/gcc/arm-none-eabi/14.3.1/thumb/v7e-m/nofp/crti.o
                0x08006858                _init
 .init          0x0800685c        0x8 C:/ST/STM32CubeIDE_2.0.0/STM32CubeIDE/plugins/com.st.stm32cube.ide.mcu.externaltools.gnu-tools-for-stm32.14.3.rel1.win32_1.0.100.202602081740/tools/bin/../lib/gcc/arm-none-eabi/14.3.1/thumb/v7e-m/nofp/crtn.o
 *(.fini)
 .fini          0x08006864        0x4 C:/ST/STM32CubeIDE_2.0.0/STM32CubeIDE/plugins/com.st.stm32cube.ide.mcu.externaltools.gnu-tools-for-stm32.14.3.rel1.win32_1.0.100.202602081740/tools/bin/../lib/gcc/arm-none-eabi/14.3.1/thumb/v7e-m/nofp/crti.o
                0x08006864                _fini
 .fini          0x08006868        0x8 C:/ST/STM32CubeIDE_2.0.0/STM32CubeIDE/plugins/com.st.stm32cube.ide.mcu.externaltools.gnu-tools-for-stm32.14.3.rel1.win32_1.0.100.202602081740/tools/bin/../lib/gcc/arm-none-eabi/14.3.1/thumb/v7e-m/nofp/crtn.o
                0x08006870                        . = ALIGN (0x4)
                0x08006870                        _etext = .

.vfp11_veneer   0x08006870        0x0
 .vfp11_veneer  0x08006870        0x0 linker stubs

.v4_bx          0x08006870        0x0
 .v4_bx         0x08006870        0x0 linker stubs

.iplt           0x08006870        0x0
 .iplt          0x08006870        0x0 C:/ST/STM32CubeIDE_2.0.0/STM32CubeIDE/plugins/com.st.stm32cube.ide.mcu.externaltools.gnu-tools-for-stm32.14.3.rel1.win32_1.0.100.202602081740/tools/bin/../lib/gcc/arm-none-eabi/14.3.1/thumb/v7e-m/nofp/crtbegin.o

.rodata         0x08006870      0x1f8
                0x08006870                        . = ALIGN (0x4)
 *(.rodata)
 .rodata        0x08006870       0x1c ./Src/hal_rcc.o
 .rodata        0x0800688c        0xa ./Src/main.o
 *fill*         0x08006896        0x2 
 .rodata        0x08006898       0x10 ./Src/radio.o
 *(.rodata*)
 .rodata.Radio  0x080068a8       0x8c ./Src/radio.o
                0x080068a8                Radio
 .rodata.Bandwidths
                0x08006934        0x3 ./Src/radio.o
                0x08006934                Bandwidths
 *fill*         0x08006937        0x1 
 .rodata.FskBandwidths
                0x08006938       0xb0 ./Src/radio_driver.o
 .rodata.AHBPrescTable
                0x080069e8       0x40 ./Src/system_init.o
                0x080069e8                AHBPrescTable
 .rodata.MSIRangeTable
                0x08006a28       0x40 ./Src/system_init.o
                0x08006a28                MSIRangeTable
                0x08006a68                        . = ALIGN (0x4)

.ARM.extab      0x08006a68        0x0
                0x08006a68                        . = ALIGN (0x4)
 *(.ARM.extab* .gnu.linkonce.armextab.*)
                0x08006a68                        . = ALIGN (0x4)

.ARM            0x08006a68        0x8
                0x08006a68                        . = ALIGN (0x4)
                0x08006a68                        __exidx_start = .
 *(.ARM.exidx*)
 .ARM.exidx     0x08006a68        0x8 C:/ST/STM32CubeIDE_2.0.0/STM32CubeIDE/plugins/com.st.stm32cube.ide.mcu.externaltools.gnu-tools-for-stm32.14.3.rel1.win32_1.0.100.202602081740/tools/bin/../lib/gcc/arm-none-eabi/14.3.1/thumb/v7e-m/nofp\libgcc.a(_udivmoddi4.o)
                0x08006a70                        __exidx_end = .
                0x08006a70                        . = ALIGN (0x4)

.preinit_array  0x08006a70        0x0
                0x08006a70                        . = ALIGN (0x4)
                0x08006a70                        PROVIDE (__preinit_array_start = .)
 *(.preinit_array*)
                0x08006a70                        PROVIDE (__preinit_array_end = .)
                0x08006a70                        . = ALIGN (0x4)

.init_array     0x08006a70        0x4
                0x08006a70                        . = ALIGN (0x4)
                0x08006a70                        PROVIDE (__init_array_start = .)
 *(SORT_BY_NAME(.init_array.*))
 *(.init_array*)
 .init_array    0x08006a70        0x4 C:/ST/STM32CubeIDE_2.0.0/STM32CubeIDE/plugins/com.st.stm32cube.ide.mcu.externaltools.gnu-tools-for-stm32.14.3.rel1.win32_1.0.100.202602081740/tools/bin/../lib/gcc/arm-none-eabi/14.3.1/thumb/v7e-m/nofp/crtbegin.o
                0x08006a74                        PROVIDE (__init_array_end = .)
                0x08006a74                        . = ALIGN (0x4)

.fini_array     0x08006a74        0x4
                0x08006a74                        . = ALIGN (0x4)
                [!provide]                        PROVIDE (__fini_array_start = .)
 *(SORT_BY_NAME(.fini_array.*))
 *(.fini_array*)
 .fini_array    0x08006a74        0x4 C:/ST/STM32CubeIDE_2.0.0/STM32CubeIDE/plugins/com.st.stm32cube.ide.mcu.externaltools.gnu-tools-for-stm32.14.3.rel1.win32_1.0.100.202602081740/tools/bin/../lib/gcc/arm-none-eabi/14.3.1/thumb/v7e-m/nofp/crtbegin.o
                [!provide]                        PROVIDE (__fini_array_end = .)
                0x08006a78                        . = ALIGN (0x4)
                0x08006a78                        _sidata = LOADADDR (.data)

.rel.dyn        0x08006a78        0x0
 .rel.iplt      0x08006a78        0x0 C:/ST/STM32CubeIDE_2.0.0/STM32CubeIDE/plugins/com.st.stm32cube.ide.mcu.externaltools.gnu-tools-for-stm32.14.3.rel1.win32_1.0.100.202602081740/tools/bin/../lib/gcc/arm-none-eabi/14.3.1/thumb/v7e-m/nofp/crtbegin.o

.data           0x20000000        0xc load address 0x08006a78
                0x20000000                        . = ALIGN (0x4)
                0x20000000                        _sdata = .
 *(.data)
 *(.data*)
 .data.uwTickPrio
                0x20000000        0x4 ./Src/hal_core.o
                0x20000000                uwTickPrio
 .data.uwTickFreq
                0x20000004        0x1 ./Src/hal_core.o
                0x20000004                uwTickFreq
 .data.MaxPayloadLength
                0x20000005        0x1 ./Src/radio.o
 *fill*         0x20000006        0x2 
 .data.SystemCoreClock
                0x20000008        0x4 ./Src/system_init.o
                0x20000008                SystemCoreClock
 *(.RamFunc)
 *(.RamFunc*)
                0x2000000c                        . = ALIGN (0x4)
                0x2000000c                        _edata = .

.igot.plt       0x2000000c        0x0 load address 0x08006a84
 .igot.plt      0x2000000c        0x0 C:/ST/STM32CubeIDE_2.0.0/STM32CubeIDE/plugins/com.st.stm32cube.ide.mcu.externaltools.gnu-tools-for-stm32.14.3.rel1.win32_1.0.100.202602081740/tools/bin/../lib/gcc/arm-none-eabi/14.3.1/thumb/v7e-m/nofp/crtbegin.o
                0x2000000c                        . = ALIGN (0x4)

.bss            0x2000000c      0x5c0 load address 0x08006a84
                0x2000000c                        _sbss = .
                0x2000000c                        __bss_start__ = _sbss
 *(.bss)
 .bss           0x2000000c       0x1c C:/ST/STM32CubeIDE_2.0.0/STM32CubeIDE/plugins/com.st.stm32cube.ide.mcu.externaltools.gnu-tools-for-stm32.14.3.rel1.win32_1.0.100.202602081740/tools/bin/../lib/gcc/arm-none-eabi/14.3.1/thumb/v7e-m/nofp/crtbegin.o
 *(.bss*)
 .bss.uwTick    0x20000028        0x4 ./Src/hal_core.o
                0x20000028                uwTick
 .bss.s_ctx     0x2000002c        0x4 ./Src/main.o
 .bss.s_radio_events
                0x20000030       0x1c ./Src/platform_port_stub.o
 .bss.s_rx_cb   0x2000004c        0x4 ./Src/platform_port_stub.o
 .bss.s_radio_rx_done
                0x20000050        0x1 ./Src/platform_port_stub.o
 .bss.s_radio_tx_done
                0x20000051        0x1 ./Src/platform_port_stub.o
 .bss.s_radio_rx_timeout
                0x20000052        0x1 ./Src/platform_port_stub.o
 .bss.s_radio_rx_error
                0x20000053        0x1 ./Src/platform_port_stub.o
 .bss.s_rx_buffer
                0x20000054       0xff ./Src/platform_port_stub.o
 *fill*         0x20000153        0x1 
 .bss.s_rx_len  0x20000154        0x2 ./Src/platform_port_stub.o
 .bss.s_rx_rssi
                0x20000156        0x2 ./Src/platform_port_stub.o
 .bss.s_rx_snr  0x20000158        0x1 ./Src/platform_port_stub.o
 .bss.s_radio_inited
                0x20000159        0x1 ./Src/platform_port_stub.o
 *fill*         0x2000015a        0x2 
 .bss.RadioBuffer
                0x2000015c       0xff ./Src/radio.o
 *fill*         0x2000025b        0x1 
 .bss.RadioEvents
                0x2000025c        0x4 ./Src/radio.o
 .bss.SubgRf    0x20000260       0x5c ./Src/radio.o
                0x20000260                SubgRf
 .bss.TxTimeoutTimer
                0x200002bc       0x18 ./Src/radio.o
                0x200002bc                TxTimeoutTimer
 .bss.RxTimeoutTimer
                0x200002d4       0x18 ./Src/radio.o
                0x200002d4                RxTimeoutTimer
 .bss.OperatingMode
                0x200002ec        0x1 ./Src/radio_driver.o
 .bss.PacketType
                0x200002ed        0x1 ./Src/radio_driver.o
 .bss.LoRaHeaderType
                0x200002ee        0x1 ./Src/radio_driver.o
 *fill*         0x200002ef        0x1 
 .bss.FrequencyError
                0x200002f0        0x4 ./Src/radio_driver.o
                0x200002f0                FrequencyError
 .bss.ImageCalibrated
                0x200002f4        0x1 ./Src/radio_driver.o
 *fill*         0x200002f5        0x3 
 .bss.RadioOnDioIrqCb
                0x200002f8        0x4 ./Src/radio_driver.o
 .bss.hsubghz   0x200002fc        0xc ./Src/subghz.o
                0x200002fc                hsubghz
 .bss.TimerListHead
                0x20000308        0x4 ./Src/timer.o
 .bss.s_pending
                0x2000030c      0x2c0 ./Src/wyresv2_node.o
 *(COMMON)
                0x200005cc                        . = ALIGN (0x4)
                0x200005cc                        _ebss = .
                0x200005cc                        __bss_end__ = _ebss

._user_heap_stack
                0x200005cc      0x604 load address 0x08006a84
                0x200005d0                        . = ALIGN (0x8)
 *fill*         0x200005cc        0x4 
                [!provide]                        PROVIDE (end = .)
                0x200005d0                        PROVIDE (_end = .)
                0x200007d0                        . = (. + _Min_Heap_Size)
 *fill*         0x200005d0      0x200 
                0x20000bd0                        . = (. + _Min_Stack_Size)
 *fill*         0x200007d0      0x400 
                0x20000bd0                        . = ALIGN (0x8)

/DISCARD/
 libc.a(*)
 libm.a(*)
 libgcc.a(*)

.ARM.attributes
                0x00000000       0x2a
 *(.ARM.attributes)
 .ARM.attributes
                0x00000000       0x1e C:/ST/STM32CubeIDE_2.0.0/STM32CubeIDE/plugins/com.st.stm32cube.ide.mcu.externaltools.gnu-tools-for-stm32.14.3.rel1.win32_1.0.100.202602081740/tools/bin/../lib/gcc/arm-none-eabi/14.3.1/thumb/v7e-m/nofp/crti.o
 .ARM.attributes
                0x0000001e       0x2e C:/ST/STM32CubeIDE_2.0.0/STM32CubeIDE/plugins/com.st.stm32cube.ide.mcu.externaltools.gnu-tools-for-stm32.14.3.rel1.win32_1.0.100.202602081740/tools/bin/../lib/gcc/arm-none-eabi/14.3.1/thumb/v7e-m/nofp/crtbegin.o
 .ARM.attributes
                0x0000004c       0x2e ./Src/hal_core.o
 .ARM.attributes
                0x0000007a       0x2e ./Src/hal_cortex.o
 .ARM.attributes
                0x000000a8       0x2e ./Src/hal_gpio.o
 .ARM.attributes
                0x000000d6       0x2e ./Src/hal_pwr.o
 .ARM.attributes
                0x00000104       0x2e ./Src/hal_pwr_ex.o
 .ARM.attributes
                0x00000132       0x2e ./Src/hal_rcc.o
 .ARM.attributes
                0x00000160       0x2e ./Src/hal_subghz.o
 .ARM.attributes
                0x0000018e       0x2e ./Src/main.o
 .ARM.attributes
                0x000001bc       0x2e ./Src/platform_port_stub.o
 .ARM.attributes
                0x000001ea       0x2e ./Src/radio.o
 .ARM.attributes
                0x00000218       0x2e ./Src/radio_board_if.o
 .ARM.attributes
                0x00000246       0x2e ./Src/radio_driver.o
 .ARM.attributes
                0x00000274       0x2e ./Src/radio_fw.o
 .ARM.attributes
                0x000002a2       0x2e ./Src/stm32wlxx_it.o
 .ARM.attributes
                0x000002d0       0x2e ./Src/subghz.o
 .ARM.attributes
                0x000002fe       0x2e ./Src/system_init.o
 .ARM.attributes
                0x0000032c       0x2e ./Src/timer.o
 .ARM.attributes
                0x0000035a       0x2e ./Src/wyresv2_node.o
 .ARM.attributes
                0x00000388       0x21 ./Startup/startup_stm32wle5jcix.o
 .ARM.attributes
                0x000003a9       0x2e C:/ST/STM32CubeIDE_2.0.0/STM32CubeIDE/plugins/com.st.stm32cube.ide.mcu.externaltools.gnu-tools-for-stm32.14.3.rel1.win32_1.0.100.202602081740/tools/bin/../lib/gcc/arm-none-eabi/14.3.1/../../../../arm-none-eabi/lib/thumb/v7e-m/nofp\libc_nano.a(libc_a-memset.o)
 .ARM.attributes
                0x000003d7       0x2e C:/ST/STM32CubeIDE_2.0.0/STM32CubeIDE/plugins/com.st.stm32cube.ide.mcu.externaltools.gnu-tools-for-stm32.14.3.rel1.win32_1.0.100.202602081740/tools/bin/../lib/gcc/arm-none-eabi/14.3.1/../../../../arm-none-eabi/lib/thumb/v7e-m/nofp\libc_nano.a(libc_a-init.o)
 .ARM.attributes
                0x00000405       0x2e C:/ST/STM32CubeIDE_2.0.0/STM32CubeIDE/plugins/com.st.stm32cube.ide.mcu.externaltools.gnu-tools-for-stm32.14.3.rel1.win32_1.0.100.202602081740/tools/bin/../lib/gcc/arm-none-eabi/14.3.1/../../../../arm-none-eabi/lib/thumb/v7e-m/nofp\libc_nano.a(libc_a-memcpy-stub.o)
 .ARM.attributes
                0x00000433       0x1e C:/ST/STM32CubeIDE_2.0.0/STM32CubeIDE/plugins/com.st.stm32cube.ide.mcu.externaltools.gnu-tools-for-stm32.14.3.rel1.win32_1.0.100.202602081740/tools/bin/../lib/gcc/arm-none-eabi/14.3.1/thumb/v7e-m/nofp\libgcc.a(_aeabi_uldivmod.o)
 .ARM.attributes
                0x00000451       0x2e C:/ST/STM32CubeIDE_2.0.0/STM32CubeIDE/plugins/com.st.stm32cube.ide.mcu.externaltools.gnu-tools-for-stm32.14.3.rel1.win32_1.0.100.202602081740/tools/bin/../lib/gcc/arm-none-eabi/14.3.1/thumb/v7e-m/nofp\libgcc.a(_udivmoddi4.o)
 .ARM.attributes
                0x0000047f       0x1e C:/ST/STM32CubeIDE_2.0.0/STM32CubeIDE/plugins/com.st.stm32cube.ide.mcu.externaltools.gnu-tools-for-stm32.14.3.rel1.win32_1.0.100.202602081740/tools/bin/../lib/gcc/arm-none-eabi/14.3.1/thumb/v7e-m/nofp\libgcc.a(_dvmd_tls.o)
 .ARM.attributes
                0x0000049d       0x1e C:/ST/STM32CubeIDE_2.0.0/STM32CubeIDE/plugins/com.st.stm32cube.ide.mcu.externaltools.gnu-tools-for-stm32.14.3.rel1.win32_1.0.100.202602081740/tools/bin/../lib/gcc/arm-none-eabi/14.3.1/thumb/v7e-m/nofp/crtn.o
OUTPUT(WyresV2.elf elf32-littlearm)
LOAD linker stubs
LOAD C:/ST/STM32CubeIDE_2.0.0/STM32CubeIDE/plugins/com.st.stm32cube.ide.mcu.externaltools.gnu-tools-for-stm32.14.3.rel1.win32_1.0.100.202602081740/tools/bin/../lib/gcc/arm-none-eabi/14.3.1/../../../../arm-none-eabi/lib/thumb/v7e-m/nofp\libc.a
LOAD C:/ST/STM32CubeIDE_2.0.0/STM32CubeIDE/plugins/com.st.stm32cube.ide.mcu.externaltools.gnu-tools-for-stm32.14.3.rel1.win32_1.0.100.202602081740/tools/bin/../lib/gcc/arm-none-eabi/14.3.1/../../../../arm-none-eabi/lib/thumb/v7e-m/nofp\libm.a
LOAD C:/ST/STM32CubeIDE_2.0.0/STM32CubeIDE/plugins/com.st.stm32cube.ide.mcu.externaltools.gnu-tools-for-stm32.14.3.rel1.win32_1.0.100.202602081740/tools/bin/../lib/gcc/arm-none-eabi/14.3.1/thumb/v7e-m/nofp\libgcc.a

.debug_info     0x00000000     0xf22c
 .debug_info    0x00000000      0xe92 ./Src/hal_core.o
 .debug_info    0x00000e92      0xd27 ./Src/hal_cortex.o
 .debug_info    0x00001bb9      0x66b ./Src/hal_gpio.o
 .debug_info    0x00002224      0x85c ./Src/hal_pwr.o
 .debug_info    0x00002a80      0xccb ./Src/hal_pwr_ex.o
 .debug_info    0x0000374b     0x11c5 ./Src/hal_rcc.o
 .debug_info    0x00004910     0x1262 ./Src/hal_subghz.o
 .debug_info    0x00005b72      0xbba ./Src/main.o
 .debug_info    0x0000672c     0x14d5 ./Src/platform_port_stub.o
 .debug_info    0x00007c01     0x2b42 ./Src/radio.o
 .debug_info    0x0000a743      0x619 ./Src/radio_board_if.o
 .debug_info    0x0000ad5c     0x20a8 ./Src/radio_driver.o
 .debug_info    0x0000ce04      0xbf1 ./Src/radio_fw.o
 .debug_info    0x0000d9f5      0x1f7 ./Src/stm32wlxx_it.o
 .debug_info    0x0000dbec      0x6e4 ./Src/subghz.o
 .debug_info    0x0000e2d0      0x41b ./Src/system_init.o
 .debug_info    0x0000e6eb      0x2d2 ./Src/timer.o
 .debug_info    0x0000e9bd      0x83f ./Src/wyresv2_node.o
 .debug_info    0x0000f1fc       0x30 ./Startup/startup_stm32wle5jcix.o

.debug_abbrev   0x00000000     0x2bef
 .debug_abbrev  0x00000000      0x31a ./Src/hal_core.o
 .debug_abbrev  0x0000031a      0x2e8 ./Src/hal_cortex.o
 .debug_abbrev  0x00000602      0x1e7 ./Src/hal_gpio.o
 .debug_abbrev  0x000007e9      0x209 ./Src/hal_pwr.o
 .debug_abbrev  0x000009f2      0x2d3 ./Src/hal_pwr_ex.o
 .debug_abbrev  0x00000cc5      0x32c ./Src/hal_rcc.o
 .debug_abbrev  0x00000ff1      0x298 ./Src/hal_subghz.o
 .debug_abbrev  0x00001289      0x2b1 ./Src/main.o
 .debug_abbrev  0x0000153a      0x2fb ./Src/platform_port_stub.o
 .debug_abbrev  0x00001835      0x3c5 ./Src/radio.o
 .debug_abbrev  0x00001bfa      0x223 ./Src/radio_board_if.o
 .debug_abbrev  0x00001e1d      0x37e ./Src/radio_driver.o
 .debug_abbrev  0x0000219b      0x208 ./Src/radio_fw.o
 .debug_abbrev  0x000023a3      0x115 ./Src/stm32wlxx_it.o
 .debug_abbrev  0x000024b8      0x218 ./Src/subghz.o
 .debug_abbrev  0x000026d0      0x129 ./Src/system_init.o
 .debug_abbrev  0x000027f9      0x17e ./Src/timer.o
 .debug_abbrev  0x00002977      0x254 ./Src/wyresv2_node.o
 .debug_abbrev  0x00002bcb       0x24 ./Startup/startup_stm32wle5jcix.o

.debug_aranges  0x00000000     0x1088
 .debug_aranges
                0x00000000      0x210 ./Src/hal_core.o
 .debug_aranges
                0x00000210      0x128 ./Src/hal_cortex.o
 .debug_aranges
                0x00000338       0x60 ./Src/hal_gpio.o
 .debug_aranges
                0x00000398       0xc8 ./Src/hal_pwr.o
 .debug_aranges
                0x00000460      0x1d0 ./Src/hal_pwr_ex.o
 .debug_aranges
                0x00000630      0x210 ./Src/hal_rcc.o
 .debug_aranges
                0x00000840      0x178 ./Src/hal_subghz.o
 .debug_aranges
                0x000009b8       0x48 ./Src/main.o
 .debug_aranges
                0x00000a00       0x70 ./Src/platform_port_stub.o
 .debug_aranges
                0x00000a70      0x168 ./Src/radio.o
 .debug_aranges
                0x00000bd8       0x60 ./Src/radio_board_if.o
 .debug_aranges
                0x00000c38      0x240 ./Src/radio_driver.o
 .debug_aranges
                0x00000e78       0x78 ./Src/radio_fw.o
 .debug_aranges
                0x00000ef0       0x28 ./Src/stm32wlxx_it.o
 .debug_aranges
                0x00000f18       0x40 ./Src/subghz.o
 .debug_aranges
                0x00000f58       0x28 ./Src/system_init.o
 .debug_aranges
                0x00000f80       0x58 ./Src/timer.o
 .debug_aranges
                0x00000fd8       0x88 ./Src/wyresv2_node.o
 .debug_aranges
                0x00001060       0x28 ./Startup/startup_stm32wle5jcix.o

.debug_rnglists
                0x00000000      0xc4f
 .debug_rnglists
                0x00000000      0x187 ./Src/hal_core.o
 .debug_rnglists
                0x00000187       0xd9 ./Src/hal_cortex.o
 .debug_rnglists
                0x00000260       0x45 ./Src/hal_gpio.o
 .debug_rnglists
                0x000002a5       0x91 ./Src/hal_pwr.o
 .debug_rnglists
                0x00000336      0x15c ./Src/hal_pwr_ex.o
 .debug_rnglists
                0x00000492      0x18d ./Src/hal_rcc.o
 .debug_rnglists
                0x0000061f      0x120 ./Src/hal_subghz.o
 .debug_rnglists
                0x0000073f       0x33 ./Src/main.o
 .debug_rnglists
                0x00000772       0x51 ./Src/platform_port_stub.o
 .debug_rnglists
                0x000007c3      0x124 ./Src/radio.o
 .debug_rnglists
                0x000008e7       0x43 ./Src/radio_board_if.o
 .debug_rnglists
                0x0000092a      0x1b6 ./Src/radio_driver.o
 .debug_rnglists
                0x00000ae0       0x55 ./Src/radio_fw.o
 .debug_rnglists
                0x00000b35       0x19 ./Src/stm32wlxx_it.o
 .debug_rnglists
                0x00000b4e       0x2b ./Src/subghz.o
 .debug_rnglists
                0x00000b79       0x1a ./Src/system_init.o
 .debug_rnglists
                0x00000b93       0x3d ./Src/timer.o
 .debug_rnglists
                0x00000bd0       0x66 ./Src/wyresv2_node.o
 .debug_rnglists
                0x00000c36       0x19 ./Startup/startup_stm32wle5jcix.o

.debug_macro    0x00000000    0x1a866
 .debug_macro   0x00000000      0x217 ./Src/hal_core.o
 .debug_macro   0x00000217      0xae4 ./Src/hal_core.o
 .debug_macro   0x00000cfb      0x112 ./Src/hal_core.o
 .debug_macro   0x00000e0d       0x22 ./Src/hal_core.o
 .debug_macro   0x00000e2f       0x8e ./Src/hal_core.o
 .debug_macro   0x00000ebd       0x51 ./Src/hal_core.o
 .debug_macro   0x00000f0e      0x103 ./Src/hal_core.o
 .debug_macro   0x00001011       0x6a ./Src/hal_core.o
 .debug_macro   0x0000107b      0x1df ./Src/hal_core.o
 .debug_macro   0x0000125a       0x28 ./Src/hal_core.o
 .debug_macro   0x00001282       0x34 ./Src/hal_core.o
 .debug_macro   0x000012b6       0x1c ./Src/hal_core.o
 .debug_macro   0x000012d2       0x22 ./Src/hal_core.o
 .debug_macro   0x000012f4       0xfb ./Src/hal_core.o
 .debug_macro   0x000013ef     0x1011 ./Src/hal_core.o
 .debug_macro   0x00002400      0x11f ./Src/hal_core.o
 .debug_macro   0x0000251f     0xce53 ./Src/hal_core.o
 .debug_macro   0x0000f372       0x6d ./Src/hal_core.o
 .debug_macro   0x0000f3df     0x3432 ./Src/hal_core.o
 .debug_macro   0x00012811      0x190 ./Src/hal_core.o
 .debug_macro   0x000129a1       0x5c ./Src/hal_core.o
 .debug_macro   0x000129fd      0x416 ./Src/hal_core.o
 .debug_macro   0x00012e13      0x280 ./Src/hal_core.o
 .debug_macro   0x00013093      0x330 ./Src/hal_core.o
 .debug_macro   0x000133c3      0x196 ./Src/hal_core.o
 .debug_macro   0x00013559       0x43 ./Src/hal_core.o
 .debug_macro   0x0001359c      0x238 ./Src/hal_core.o
 .debug_macro   0x000137d4      0x22a ./Src/hal_core.o
 .debug_macro   0x000139fe      0x352 ./Src/hal_core.o
 .debug_macro   0x00013d50       0x2e ./Src/hal_core.o
 .debug_macro   0x00013d7e       0xc1 ./Src/hal_core.o
 .debug_macro   0x00013e3f      0x1ba ./Src/hal_core.o
 .debug_macro   0x00013ff9       0xe6 ./Src/hal_core.o
 .debug_macro   0x000140df      0x25f ./Src/hal_core.o
 .debug_macro   0x0001433e      0x133 ./Src/hal_core.o
 .debug_macro   0x00014471      0x33e ./Src/hal_core.o
 .debug_macro   0x000147af      0x67c ./Src/hal_core.o
 .debug_macro   0x00014e2b      0x113 ./Src/hal_core.o
 .debug_macro   0x00014f3e      0xf9f ./Src/hal_core.o
 .debug_macro   0x00015edd      0x115 ./Src/hal_core.o
 .debug_macro   0x00015ff2      0x2db ./Src/hal_core.o
 .debug_macro   0x000162cd      0x28e ./Src/hal_core.o
 .debug_macro   0x0001655b       0xdd ./Src/hal_core.o
 .debug_macro   0x00016638      0x269 ./Src/hal_core.o
 .debug_macro   0x000168a1      0x293 ./Src/hal_core.o
 .debug_macro   0x00016b34       0x28 ./Src/hal_core.o
 .debug_macro   0x00016b5c      0x212 ./Src/hal_cortex.o
 .debug_macro   0x00016d6e      0x218 ./Src/hal_gpio.o
 .debug_macro   0x00016f86      0x217 ./Src/hal_pwr.o
 .debug_macro   0x0001719d       0x52 ./Src/hal_pwr.o
 .debug_macro   0x000171ef      0x217 ./Src/hal_pwr_ex.o
 .debug_macro   0x00017406       0x16 ./Src/hal_pwr_ex.o
 .debug_macro   0x0001741c      0x217 ./Src/hal_rcc.o
 .debug_macro   0x00017633       0x64 ./Src/hal_rcc.o
 .debug_macro   0x00017697      0x218 ./Src/hal_subghz.o
 .debug_macro   0x000178af       0x35 ./Src/hal_subghz.o
 .debug_macro   0x000178e4      0x311 ./Src/main.o
 .debug_macro   0x00017bf5       0x10 ./Src/main.o
 .debug_macro   0x00017c05       0x22 ./Src/main.o
 .debug_macro   0x00017c27       0x10 ./Src/main.o
 .debug_macro   0x00017c37       0x61 ./Src/main.o
 .debug_macro   0x00017c98       0x24 ./Src/main.o
 .debug_macro   0x00017cbc       0x43 ./Src/main.o
 .debug_macro   0x00017cff       0x34 ./Src/main.o
 .debug_macro   0x00017d33      0x364 ./Src/main.o
 .debug_macro   0x00018097       0x16 ./Src/main.o
 .debug_macro   0x000180ad       0x4a ./Src/main.o
 .debug_macro   0x000180f7       0x34 ./Src/main.o
 .debug_macro   0x0001812b       0x10 ./Src/main.o
 .debug_macro   0x0001813b       0x58 ./Src/main.o
 .debug_macro   0x00018193       0x8e ./Src/main.o
 .debug_macro   0x00018221       0x1c ./Src/main.o
 .debug_macro   0x0001823d      0x17e ./Src/main.o
 .debug_macro   0x000183bb       0x10 ./Src/main.o
 .debug_macro   0x000183cb       0x3c ./Src/main.o
 .debug_macro   0x00018407       0x20 ./Src/main.o
 .debug_macro   0x00018427      0x37b ./Src/platform_port_stub.o
 .debug_macro   0x000187a2       0x4c ./Src/platform_port_stub.o
 .debug_macro   0x000187ee      0x3a2 ./Src/radio.o
 .debug_macro   0x00018b90       0x5b ./Src/radio.o
 .debug_macro   0x00018beb       0x94 ./Src/radio.o
 .debug_macro   0x00018c7f       0x57 ./Src/radio.o
 .debug_macro   0x00018cd6      0x19b ./Src/radio.o
 .debug_macro   0x00018e71       0x16 ./Src/radio.o
 .debug_macro   0x00018e87       0x56 ./Src/radio.o
 .debug_macro   0x00018edd       0x4c ./Src/radio.o
 .debug_macro   0x00018f29       0x70 ./Src/radio.o
 .debug_macro   0x00018f99      0x28c ./Src/radio.o
 .debug_macro   0x00019225       0x22 ./Src/radio.o
 .debug_macro   0x00019247       0x10 ./Src/radio.o
 .debug_macro   0x00019257       0x51 ./Src/radio.o
 .debug_macro   0x000192a8      0x239 ./Src/radio_board_if.o
 .debug_macro   0x000194e1       0x16 ./Src/radio_board_if.o
 .debug_macro   0x000194f7      0x342 ./Src/radio_driver.o
 .debug_macro   0x00019839      0x370 ./Src/radio_fw.o
 .debug_macro   0x00019ba9      0x292 ./Src/radio_fw.o
 .debug_macro   0x00019e3b       0x34 ./Src/radio_fw.o
 .debug_macro   0x00019e6f      0x20e ./Src/stm32wlxx_it.o
 .debug_macro   0x0001a07d      0x227 ./Src/subghz.o
 .debug_macro   0x0001a2a4      0x217 ./Src/system_init.o
 .debug_macro   0x0001a4bb       0x2e ./Src/system_init.o
 .debug_macro   0x0001a4e9      0x221 ./Src/timer.o
 .debug_macro   0x0001a70a      0x15c ./Src/wyresv2_node.o

.debug_line     0x00000000    0x10038
 .debug_line    0x00000000      0xfdf ./Src/hal_core.o
 .debug_line    0x00000fdf      0xe5f ./Src/hal_cortex.o
 .debug_line    0x00001e3e      0xca6 ./Src/hal_gpio.o
 .debug_line    0x00002ae4      0xb33 ./Src/hal_pwr.o
 .debug_line    0x00003617      0xf80 ./Src/hal_pwr_ex.o
 .debug_line    0x00004597     0x1993 ./Src/hal_rcc.o
 .debug_line    0x00005f2a     0x1127 ./Src/hal_subghz.o
 .debug_line    0x00007051      0xb4c ./Src/main.o
 .debug_line    0x00007b9d      0xc62 ./Src/platform_port_stub.o
 .debug_line    0x000087ff     0x1be2 ./Src/radio.o
 .debug_line    0x0000a3e1      0x96c ./Src/radio_board_if.o
 .debug_line    0x0000ad4d     0x18d8 ./Src/radio_driver.o
 .debug_line    0x0000c625      0xbe3 ./Src/radio_fw.o
 .debug_line    0x0000d208      0x851 ./Src/stm32wlxx_it.o
 .debug_line    0x0000da59      0x8cc ./Src/subghz.o
 .debug_line    0x0000e325      0x906 ./Src/system_init.o
 .debug_line    0x0000ec2b      0x9a6 ./Src/timer.o
 .debug_line    0x0000f5d1      0x9ec ./Src/wyresv2_node.o
 .debug_line    0x0000ffbd       0x7b ./Startup/startup_stm32wle5jcix.o

.debug_str      0x00000000    0x9da99
 .debug_str     0x00000000    0x9da99 ./Src/hal_core.o
                              0x93d60 (size before relaxing)
 .debug_str     0x0009da99    0x9384d ./Src/hal_cortex.o
 .debug_str     0x0009da99    0x9318b ./Src/hal_gpio.o
 .debug_str     0x0009da99    0x934fc ./Src/hal_pwr.o
 .debug_str     0x0009da99    0x93849 ./Src/hal_pwr_ex.o
 .debug_str     0x0009da99    0x93dc0 ./Src/hal_rcc.o
 .debug_str     0x0009da99    0x93ba0 ./Src/hal_subghz.o
 .debug_str     0x0009da99    0x9680c ./Src/main.o
 .debug_str     0x0009da99    0x97657 ./Src/platform_port_stub.o
 .debug_str     0x0009da99    0x99f0b ./Src/radio.o
 .debug_str     0x0009da99    0x93405 ./Src/radio_board_if.o
 .debug_str     0x0009da99    0x98a41 ./Src/radio_driver.o
 .debug_str     0x0009da99    0x983d6 ./Src/radio_fw.o
 .debug_str     0x0009da99    0x9305b ./Src/stm32wlxx_it.o
 .debug_str     0x0009da99    0x9366a ./Src/subghz.o
 .debug_str     0x0009da99    0x93221 ./Src/system_init.o
 .debug_str     0x0009da99    0x9303a ./Src/timer.o
 .debug_str     0x0009da99     0x7741 ./Src/wyresv2_node.o
 .debug_str     0x0009da99       0x6d ./Startup/startup_stm32wle5jcix.o

.comment        0x00000000       0x43
 .comment       0x00000000       0x43 ./Src/hal_core.o
                                 0x44 (size before relaxing)
 .comment       0x00000043       0x44 ./Src/hal_cortex.o
 .comment       0x00000043       0x44 ./Src/hal_gpio.o
 .comment       0x00000043       0x44 ./Src/hal_pwr.o
 .comment       0x00000043       0x44 ./Src/hal_pwr_ex.o
 .comment       0x00000043       0x44 ./Src/hal_rcc.o
 .comment       0x00000043       0x44 ./Src/hal_subghz.o
 .comment       0x00000043       0x44 ./Src/main.o
 .comment       0x00000043       0x44 ./Src/platform_port_stub.o
 .comment       0x00000043       0x44 ./Src/radio.o
 .comment       0x00000043       0x44 ./Src/radio_board_if.o
 .comment       0x00000043       0x44 ./Src/radio_driver.o
 .comment       0x00000043       0x44 ./Src/radio_fw.o
 .comment       0x00000043       0x44 ./Src/stm32wlxx_it.o
 .comment       0x00000043       0x44 ./Src/subghz.o
 .comment       0x00000043       0x44 ./Src/system_init.o
 .comment       0x00000043       0x44 ./Src/timer.o
 .comment       0x00000043       0x44 ./Src/wyresv2_node.o

.debug_frame    0x00000000     0x3f20
 .debug_frame   0x00000000      0x7b4 ./Src/hal_core.o
 .debug_frame   0x000007b4      0x49c ./Src/hal_cortex.o
 .debug_frame   0x00000c50      0x154 ./Src/hal_gpio.o
 .debug_frame   0x00000da4      0x2d0 ./Src/hal_pwr.o
 .debug_frame   0x00001074      0x714 ./Src/hal_pwr_ex.o
 .debug_frame   0x00001788      0x7ac ./Src/hal_rcc.o
 .debug_frame   0x00001f34      0x5f8 ./Src/hal_subghz.o
 .debug_frame   0x0000252c       0xdc ./Src/main.o
 .debug_frame   0x00002608      0x174 ./Src/platform_port_stub.o
 .debug_frame   0x0000277c      0x5e0 ./Src/radio.o
 .debug_frame   0x00002d5c      0x134 ./Src/radio_board_if.o
 .debug_frame   0x00002e90      0x9a8 ./Src/radio_driver.o
 .debug_frame   0x00003838      0x190 ./Src/radio_fw.o
 .debug_frame   0x000039c8       0x48 ./Src/stm32wlxx_it.o
 .debug_frame   0x00003a10       0xbc ./Src/subghz.o
 .debug_frame   0x00003acc       0x50 ./Src/system_init.o
 .debug_frame   0x00003b1c      0x128 ./Src/timer.o
 .debug_frame   0x00003c44      0x208 ./Src/wyresv2_node.o
 .debug_frame   0x00003e4c       0x20 C:/ST/STM32CubeIDE_2.0.0/STM32CubeIDE/plugins/com.st.stm32cube.ide.mcu.externaltools.gnu-tools-for-stm32.14.3.rel1.win32_1.0.100.202602081740/tools/bin/../lib/gcc/arm-none-eabi/14.3.1/../../../../arm-none-eabi/lib/thumb/v7e-m/nofp\libc_nano.a(libc_a-memset.o)
 .debug_frame   0x00003e6c       0x2c C:/ST/STM32CubeIDE_2.0.0/STM32CubeIDE/plugins/com.st.stm32cube.ide.mcu.externaltools.gnu-tools-for-stm32.14.3.rel1.win32_1.0.100.202602081740/tools/bin/../lib/gcc/arm-none-eabi/14.3.1/../../../../arm-none-eabi/lib/thumb/v7e-m/nofp\libc_nano.a(libc_a-init.o)
 .debug_frame   0x00003e98       0x28 C:/ST/STM32CubeIDE_2.0.0/STM32CubeIDE/plugins/com.st.stm32cube.ide.mcu.externaltools.gnu-tools-for-stm32.14.3.rel1.win32_1.0.100.202602081740/tools/bin/../lib/gcc/arm-none-eabi/14.3.1/../../../../arm-none-eabi/lib/thumb/v7e-m/nofp\libc_nano.a(libc_a-memcpy-stub.o)
 .debug_frame   0x00003ec0       0x2c C:/ST/STM32CubeIDE_2.0.0/STM32CubeIDE/plugins/com.st.stm32cube.ide.mcu.externaltools.gnu-tools-for-stm32.14.3.rel1.win32_1.0.100.202602081740/tools/bin/../lib/gcc/arm-none-eabi/14.3.1/thumb/v7e-m/nofp\libgcc.a(_aeabi_uldivmod.o)
 .debug_frame   0x00003eec       0x34 C:/ST/STM32CubeIDE_2.0.0/STM32CubeIDE/plugins/com.st.stm32cube.ide.mcu.externaltools.gnu-tools-for-stm32.14.3.rel1.win32_1.0.100.202602081740/tools/bin/../lib/gcc/arm-none-eabi/14.3.1/thumb/v7e-m/nofp\libgcc.a(_udivmoddi4.o)

.debug_line_str
                0x00000000       0x51
 .debug_line_str
                0x00000000       0x51 ./Startup/startup_stm32wle5jcix.o
